  lab04_main.cpp
C:\Users\emmal\OneDrive\Desktop\ETEC2101-01\SSUDS_2101 Repository\dependencies\SFML-3.0.0-sdk\include\SFML\System\Exception.hpp(41,47): warning C4275: non dll-interface class 'std::runtime_error' used as base for dll-interface class 'sf::Exception'
  (compiling source file '../../src/lab04/lab04_main.cpp')
      C:\Program Files\Microsoft Visual Studio\2022\Community\VC\Tools\MSVC\14.42.34433\include\stdexcept(100,19):
      see declaration of 'std::runtime_error'
      C:\Users\emmal\OneDrive\Desktop\ETEC2101-01\SSUDS_2101 Repository\dependencies\SFML-3.0.0-sdk\include\SFML\System\Exception.hpp(41,23):
      see declaration of 'sf::Exception'
  
C:\Users\emmal\OneDrive\Desktop\ETEC2101-01\SSUDS_2101 Repository\src\lab04\lab04_main.cpp(46,36): warning C4244: 'argument': conversion from 'float' to 'unsigned int', possible loss of data
C:\Users\emmal\OneDrive\Desktop\ETEC2101-01\SSUDS_2101 Repository\src\lab04\lab04_main.cpp(116,27): warning C4244: 'argument': conversion from 'int' to 'const T', possible loss of data
C:\Users\emmal\OneDrive\Desktop\ETEC2101-01\SSUDS_2101 Repository\src\lab04\lab04_main.cpp(116,27): warning C4244:         with
C:\Users\emmal\OneDrive\Desktop\ETEC2101-01\SSUDS_2101 Repository\src\lab04\lab04_main.cpp(116,27): warning C4244:         [
C:\Users\emmal\OneDrive\Desktop\ETEC2101-01\SSUDS_2101 Repository\src\lab04\lab04_main.cpp(116,27): warning C4244:             T=float
C:\Users\emmal\OneDrive\Desktop\ETEC2101-01\SSUDS_2101 Repository\src\lab04\lab04_main.cpp(116,27): warning C4244:         ]
C:\Users\emmal\OneDrive\Desktop\ETEC2101-01\SSUDS_2101 Repository\src\lab04\lab04_main.cpp(118,27): warning C4244: 'argument': conversion from 'int' to 'const T', possible loss of data
C:\Users\emmal\OneDrive\Desktop\ETEC2101-01\SSUDS_2101 Repository\src\lab04\lab04_main.cpp(118,27): warning C4244:         with
C:\Users\emmal\OneDrive\Desktop\ETEC2101-01\SSUDS_2101 Repository\src\lab04\lab04_main.cpp(118,27): warning C4244:         [
C:\Users\emmal\OneDrive\Desktop\ETEC2101-01\SSUDS_2101 Repository\src\lab04\lab04_main.cpp(118,27): warning C4244:             T=float
C:\Users\emmal\OneDrive\Desktop\ETEC2101-01\SSUDS_2101 Repository\src\lab04\lab04_main.cpp(118,27): warning C4244:         ]
C:\Users\emmal\OneDrive\Desktop\ETEC2101-01\SSUDS_2101 Repository\src\lab04\lab04_main.cpp(119,38): warning C4244: 'argument': conversion from 'int' to 'const T', possible loss of data
C:\Users\emmal\OneDrive\Desktop\ETEC2101-01\SSUDS_2101 Repository\src\lab04\lab04_main.cpp(119,38): warning C4244:         with
C:\Users\emmal\OneDrive\Desktop\ETEC2101-01\SSUDS_2101 Repository\src\lab04\lab04_main.cpp(119,38): warning C4244:         [
C:\Users\emmal\OneDrive\Desktop\ETEC2101-01\SSUDS_2101 Repository\src\lab04\lab04_main.cpp(119,38): warning C4244:             T=float
C:\Users\emmal\OneDrive\Desktop\ETEC2101-01\SSUDS_2101 Repository\src\lab04\lab04_main.cpp(119,38): warning C4244:         ]
C:\Users\emmal\OneDrive\Desktop\ETEC2101-01\SSUDS_2101 Repository\src\lab04\lab04_main.cpp(120,27): warning C4244: 'argument': conversion from 'int' to 'const T', possible loss of data
C:\Users\emmal\OneDrive\Desktop\ETEC2101-01\SSUDS_2101 Repository\src\lab04\lab04_main.cpp(120,27): warning C4244:         with
C:\Users\emmal\OneDrive\Desktop\ETEC2101-01\SSUDS_2101 Repository\src\lab04\lab04_main.cpp(120,27): warning C4244:         [
C:\Users\emmal\OneDrive\Desktop\ETEC2101-01\SSUDS_2101 Repository\src\lab04\lab04_main.cpp(120,27): warning C4244:             T=float
C:\Users\emmal\OneDrive\Desktop\ETEC2101-01\SSUDS_2101 Repository\src\lab04\lab04_main.cpp(120,27): warning C4244:         ]
C:\Users\emmal\OneDrive\Desktop\ETEC2101-01\SSUDS_2101 Repository\src\lab04\lab04_main.cpp(220,70): warning C4244: 'argument': conversion from 'const T' to 'T', possible loss of data
C:\Users\emmal\OneDrive\Desktop\ETEC2101-01\SSUDS_2101 Repository\src\lab04\lab04_main.cpp(220,70): warning C4244:         with
C:\Users\emmal\OneDrive\Desktop\ETEC2101-01\SSUDS_2101 Repository\src\lab04\lab04_main.cpp(220,70): warning C4244:         [
C:\Users\emmal\OneDrive\Desktop\ETEC2101-01\SSUDS_2101 Repository\src\lab04\lab04_main.cpp(220,70): warning C4244:             T=int
C:\Users\emmal\OneDrive\Desktop\ETEC2101-01\SSUDS_2101 Repository\src\lab04\lab04_main.cpp(220,70): warning C4244:         ]
C:\Users\emmal\OneDrive\Desktop\ETEC2101-01\SSUDS_2101 Repository\src\lab04\lab04_main.cpp(220,70): warning C4244:         and
C:\Users\emmal\OneDrive\Desktop\ETEC2101-01\SSUDS_2101 Repository\src\lab04\lab04_main.cpp(220,70): warning C4244:         [
C:\Users\emmal\OneDrive\Desktop\ETEC2101-01\SSUDS_2101 Repository\src\lab04\lab04_main.cpp(220,70): warning C4244:             T=float
C:\Users\emmal\OneDrive\Desktop\ETEC2101-01\SSUDS_2101 Repository\src\lab04\lab04_main.cpp(220,70): warning C4244:         ]
C:\Users\emmal\OneDrive\Desktop\ETEC2101-01\SSUDS_2101 Repository\src\lab04\lab04_main.cpp(220,47): warning C4244: 'argument': conversion from 'const T' to 'T', possible loss of data
C:\Users\emmal\OneDrive\Desktop\ETEC2101-01\SSUDS_2101 Repository\src\lab04\lab04_main.cpp(220,47): warning C4244:         with
C:\Users\emmal\OneDrive\Desktop\ETEC2101-01\SSUDS_2101 Repository\src\lab04\lab04_main.cpp(220,47): warning C4244:         [
C:\Users\emmal\OneDrive\Desktop\ETEC2101-01\SSUDS_2101 Repository\src\lab04\lab04_main.cpp(220,47): warning C4244:             T=int
C:\Users\emmal\OneDrive\Desktop\ETEC2101-01\SSUDS_2101 Repository\src\lab04\lab04_main.cpp(220,47): warning C4244:         ]
C:\Users\emmal\OneDrive\Desktop\ETEC2101-01\SSUDS_2101 Repository\src\lab04\lab04_main.cpp(220,47): warning C4244:         and
C:\Users\emmal\OneDrive\Desktop\ETEC2101-01\SSUDS_2101 Repository\src\lab04\lab04_main.cpp(220,47): warning C4244:         [
C:\Users\emmal\OneDrive\Desktop\ETEC2101-01\SSUDS_2101 Repository\src\lab04\lab04_main.cpp(220,47): warning C4244:             T=float
C:\Users\emmal\OneDrive\Desktop\ETEC2101-01\SSUDS_2101 Repository\src\lab04\lab04_main.cpp(220,47): warning C4244:         ]
C:\Users\emmal\OneDrive\Desktop\ETEC2101-01\SSUDS_2101 Repository\src\lab04\lab04_main.cpp(225,17): warning C4244: 'initializing': conversion from 'int' to 'float', possible loss of data
C:\Users\emmal\OneDrive\Desktop\ETEC2101-01\SSUDS_2101 Repository\src\lab04\lab04_main.cpp(226,17): warning C4244: 'initializing': conversion from 'int' to 'float', possible loss of data
  WordReader.cpp
  Generating Code...
  Lab04.vcxproj -> C:\Users\emmal\OneDrive\Desktop\ETEC2101-01\SSUDS_2101 Repository\bin\Debug\Lab04_d.exe
